138.99.216.228 - - [28/Jul/2022:01:30:27 +0530] "-" 400 -
192.241.222.62 - - [28/Jul/2022:02:35:41 +0530] "-" 400 -
66.29.129.200 - - [28/Jul/2022:03:32:49 +0530] "GET /remote/fgt_lang?lang=/../../../..//////////dev/cmdb/sslvpn_websession HTTP/1.1" 404 685
138.99.216.228 - - [28/Jul/2022:04:38:58 +0530] "-" 400 -
162.142.125.220 - - [28/Jul/2022:05:53:42 +0530] "GET /api HTTP/1.1" 404 685
162.142.125.220 - - [28/Jul/2022:05:53:43 +0530] "-" 400 -
162.142.125.220 - - [28/Jul/2022:05:53:45 +0530] "GET / HTTP/1.1" 404 685
162.142.125.220 - - [28/Jul/2022:05:53:46 +0530] "GET / HTTP/1.1" 404 685
138.99.216.228 - - [28/Jul/2022:07:03:04 +0530] "-" 400 -
192.241.222.222 - - [28/Jul/2022:08:39:30 +0530] "GET / HTTP/1.1" 404 685
192.241.216.4 - - [28/Jul/2022:08:40:20 +0530] "-" 400 -
185.7.214.104 - - [28/Jul/2022:08:41:42 +0530] "GET / HTTP/1.1" 404 685
185.7.214.104 - - [28/Jul/2022:08:57:40 +0530] "POST /vendor/phpunit/phpunit/src/Util/PHP/eval-stdin.php HTTP/1.1" 404 685
5.39.216.167 - - [28/Jul/2022:08:58:15 +0530] "-" 400 -
5.39.216.167 - - [28/Jul/2022:08:58:21 +0530] "GET / HTTP/1.0" 404 685
5.39.216.167 - - [28/Jul/2022:08:58:22 +0530] "OPTIONS / HTTP/1.0" 404 685
5.39.216.167 - - [28/Jul/2022:08:58:23 +0530] "GET /nice%20ports%2C/Tri%6Eity.txt%2ebak HTTP/1.0" 404 685
5.39.216.167 - - [28/Jul/2022:08:58:29 +0530] "OPTIONS / null" 400 1914
5.39.216.167 - - [28/Jul/2022:08:58:30 +0530] "-" 400 2248
5.39.216.167 - - [28/Jul/2022:08:58:30 +0530] "-" 400 2104
5.39.216.167 - - [28/Jul/2022:08:58:31 +0530] "-" 400 1938
5.39.216.167 - - [28/Jul/2022:08:58:32 +0530] "-" 400 2498
5.39.216.167 - - [28/Jul/2022:08:58:32 +0530] "-" 400 2586
5.39.216.167 - - [28/Jul/2022:08:58:33 +0530] "-" 400 2628
5.39.216.167 - - [28/Jul/2022:08:58:34 +0530] "-" 400 2198
5.39.216.167 - - [28/Jul/2022:08:58:35 +0530] "-" 400 2004
5.39.216.167 - - [28/Jul/2022:08:58:35 +0530] "OPTIONS sip:nm null" 400 1840
5.39.216.167 - - [28/Jul/2022:08:58:36 +0530] "-" 400 -
5.39.216.167 - - [28/Jul/2022:08:58:36 +0530] "GET /Portal0000.htm HTTP/1.1" 404 685
5.39.216.167 - - [28/Jul/2022:08:58:36 +0530] "GET /server-status HTTP/1.1" 404 685
5.39.216.167 - - [28/Jul/2022:08:58:36 +0530] "POST /sdk HTTP/1.1" 404 685
5.39.216.167 - - [28/Jul/2022:08:58:36 +0530] "GET /?=PHPE9568F36-D428-11d2-A769-00AA001ACF42 HTTP/1.1" 404 685
5.39.216.167 - - [28/Jul/2022:08:58:36 +0530] "GET / HTTP/1.1" 404 685
5.39.216.167 - - [28/Jul/2022:08:58:36 +0530] "GET /Portal/Portal.mwsl HTTP/1.1" 404 685
5.39.216.167 - - [28/Jul/2022:08:58:36 +0530] "GET /start.jhtml HTTP/1.1" 404 685
5.39.216.167 - - [28/Jul/2022:08:58:36 +0530] "SSTP_DUPLEX_POST null HTTP/1.1" 400 2078
5.39.216.167 - - [28/Jul/2022:08:58:36 +0530] "-" 400 -
5.39.216.167 - - [28/Jul/2022:08:58:37 +0530] "GET /hDBn HTTP/1.1" 404 685
5.39.216.167 - - [28/Jul/2022:08:58:37 +0530] "GET /__Additional HTTP/1.1" 404 685
5.39.216.167 - - [28/Jul/2022:08:58:37 +0530] "GET /docs/cplugError.html/ HTTP/1.1" 404 685
5.39.216.167 - - [28/Jul/2022:08:58:37 +0530] "GET /?=PHPB8B5F2A0-3C92-11d3-A3A9-4C7B08C10000 HTTP/1.1" 404 685
5.39.216.167 - - [28/Jul/2022:08:58:37 +0530] "GET /favicon.ico HTTP/1.1" 404 685
5.39.216.167 - - [28/Jul/2022:08:58:37 +0530] "GET /home.cgi HTTP/1.1" 404 685
5.39.216.167 - - [28/Jul/2022:08:58:37 +0530] "GET /nmaplowercheck1658978916 HTTP/1.1" 404 685
5.39.216.167 - - [28/Jul/2022:08:58:37 +0530] "GET / HTTP/1.1" 404 685
5.39.216.167 - - [28/Jul/2022:08:58:38 +0530] "GET /.git/HEAD HTTP/1.1" 404 685
5.39.216.167 - - [28/Jul/2022:08:58:38 +0530] "GET /CSS/Miniweb.css HTTP/1.1" 404 685
5.39.216.167 - - [28/Jul/2022:08:58:38 +0530] "GET /main.jsp HTTP/1.1" 404 685
5.39.216.167 - - [28/Jul/2022:08:58:38 +0530] "GET /HNAP1 HTTP/1.1" 404 685
5.39.216.167 - - [28/Jul/2022:08:58:38 +0530] "GET /index.jhtml HTTP/1.1" 404 685
5.39.216.167 - - [28/Jul/2022:08:58:39 +0530] "GET /admin.html HTTP/1.1" 404 685
5.39.216.167 - - [28/Jul/2022:08:58:40 +0530] "GET /indice.php HTTP/1.1" 404 685
5.39.216.167 - - [28/Jul/2022:08:58:41 +0530] "GET /base.cgi HTTP/1.1" 404 685
5.39.216.167 - - [28/Jul/2022:08:58:41 +0530] "-" 400 -
5.39.216.167 - - [28/Jul/2022:08:58:41 +0530] "GET /localstart.jhtml HTTP/1.1" 404 685
5.39.216.167 - - [28/Jul/2022:08:58:42 +0530] "GET /admin.asp HTTP/1.1" 404 685
5.39.216.167 - - [28/Jul/2022:08:58:43 +0530] "GET /readme.txt HTTP/1.1" 404 685
5.39.216.167 - - [28/Jul/2022:08:58:44 +0530] "GET /main.pl HTTP/1.1" 404 685
5.39.216.167 - - [28/Jul/2022:08:58:45 +0530] "GET /home.jhtml HTTP/1.1" 404 685
5.39.216.167 - - [28/Jul/2022:08:58:45 +0530] "GET /main.html HTTP/1.1" 404 685
5.39.216.167 - - [28/Jul/2022:08:58:46 +0530] "-" 400 -
5.39.216.167 - - [28/Jul/2022:08:58:46 +0530] "-" 400 -
5.39.216.167 - - [28/Jul/2022:08:58:46 +0530] "-" 400 -
5.39.216.167 - - [28/Jul/2022:08:58:46 +0530] "-" 400 -
5.39.216.167 - - [28/Jul/2022:08:58:46 +0530] "-" 400 -
5.39.216.167 - - [28/Jul/2022:08:58:46 +0530] "-" 400 -
5.39.216.167 - - [28/Jul/2022:08:58:46 +0530] "-" 400 -
185.7.214.104 - - [28/Jul/2022:08:59:43 +0530] "GET /vendor/phpunit/phpunit/src/Util/PHP/eval-stdin.php HTTP/1.1" 404 685
5.39.216.167 - - [28/Jul/2022:08:59:47 +0530] "-" 400 -
5.39.216.167 - - [28/Jul/2022:08:59:47 +0530] "-" 400 -
5.39.216.167 - - [28/Jul/2022:08:59:47 +0530] "-" 400 -
5.39.216.167 - - [28/Jul/2022:08:59:47 +0530] "-" 400 -
5.39.216.167 - - [28/Jul/2022:09:00:57 +0530] "-" 400 -
5.39.216.167 - - [28/Jul/2022:09:00:59 +0530] "-" 400 -
5.39.216.167 - - [28/Jul/2022:09:00:59 +0530] "-" 400 -
5.39.216.167 - - [28/Jul/2022:09:00:59 +0530] "-" 400 -
5.39.216.167 - - [28/Jul/2022:09:00:59 +0530] "-" 400 -
5.39.216.167 - - [28/Jul/2022:09:00:59 +0530] "-" 400 -
185.7.214.104 - - [28/Jul/2022:09:13:03 +0530] "GET null HTTP/1.1" 400 2256
185.7.214.104 - - [28/Jul/2022:09:28:30 +0530] "GET /?XDEBUG_SESSION_START=phpstorm HTTP/1.1" 404 685
185.7.214.104 - - [28/Jul/2022:09:39:11 +0530] "POST /mifs/.;/services/LogService HTTP/1.1" 404 685
138.99.216.228 - - [28/Jul/2022:09:52:20 +0530] "-" 400 -
185.7.214.104 - - [28/Jul/2022:09:54:06 +0530] "GET /console/ HTTP/1.1" 404 685
185.7.214.104 - - [28/Jul/2022:10:09:14 +0530] "POST /Autodiscover/Autodiscover.xml HTTP/1.1" 404 685
185.7.214.104 - - [28/Jul/2022:10:10:50 +0530] "GET /_ignition/execute-solution HTTP/1.1" 404 685
185.7.214.104 - - [28/Jul/2022:10:23:26 +0530] "GET / HTTP/1.1" 404 685
185.7.214.104 - - [28/Jul/2022:10:36:24 +0530] "GET / HTTP/1.1" 404 685
185.7.214.104 - - [28/Jul/2022:10:46:37 +0530] "POST /cgi-bin/.%2e/.%2e/.%2e/.%2e/bin/sh HTTP/1.1" 400 798
185.7.214.104 - - [28/Jul/2022:11:03:18 +0530] "GET / HTTP/1.1" 404 685
185.7.214.104 - - [28/Jul/2022:11:19:43 +0530] "GET /actuator/gateway/routes HTTP/1.1" 404 685
10.162.107.57 - - [28/Jul/2022:11:25:46 +0530] "POST /ipaympi/mpi.jsp HTTP/1.1" 200 3735
162.158.235.31 - - [28/Jul/2022:11:26:28 +0530] "POST /ipaympi/mpi.jsp HTTP/1.1" 200 3453
162.158.235.31 - - [28/Jul/2022:11:26:28 +0530] "GET /ipaympi/styles.css HTTP/1.1" 200 1768
162.158.227.230 - - [28/Jul/2022:11:26:28 +0530] "GET /ipaympi/css/bootstrap.min.css HTTP/1.1" 200 160403
162.158.235.201 - - [28/Jul/2022:11:26:28 +0530] "GET /ipaympi/css/loading.min.css HTTP/1.1" 200 41482
162.158.227.134 - - [28/Jul/2022:11:26:28 +0530] "GET /ipaympi/css/fontawesome.min.css HTTP/1.1" 200 58578
162.158.48.128 - - [28/Jul/2022:11:26:28 +0530] "GET /ipaympi/css/app.css HTTP/1.1" 200 3876
162.158.235.27 - - [28/Jul/2022:11:26:28 +0530] "GET /ipaympi/css/ldbtn.min.css HTTP/1.1" 200 2429
162.158.235.35 - - [28/Jul/2022:11:26:29 +0530] "GET /ipaympi/images/ezswype_logo.png HTTP/1.1" 200 168174
162.158.235.27 - - [28/Jul/2022:11:26:29 +0530] "GET /ipaympi/images/bg-features.jpg HTTP/1.1" 200 55804
162.158.235.47 - - [28/Jul/2022:11:26:29 +0530] "GET /ipaympi/images/credopay_logo.png HTTP/1.1" 200 10241
162.158.48.100 - - [28/Jul/2022:11:26:29 +0530] "GET /ipaympi/webfonts/fa-solid-900.woff2 HTTP/1.1" 200 79444
10.162.107.57 - - [28/Jul/2022:12:19:52 +0530] "POST /ipaympi/mpi.jsp HTTP/1.1" 200 3731
172.70.218.52 - - [28/Jul/2022:12:20:05 +0530] "POST /ipaympi/mpi.jsp HTTP/1.1" 200 3453
172.70.218.40 - - [28/Jul/2022:12:20:05 +0530] "GET /ipaympi/images/credopay_logo.png HTTP/1.1" 200 10241
172.70.218.196 - - [28/Jul/2022:12:20:05 +0530] "GET /ipaympi/images/ezswype_logo.png HTTP/1.1" 206 1
172.70.218.186 - - [28/Jul/2022:12:20:05 +0530] "GET /ipaympi/webfonts/fa-solid-900.woff2 HTTP/1.1" 200 79444
172.70.218.196 - - [28/Jul/2022:12:20:05 +0530] "GET /ipaympi/images/ezswype_logo.png HTTP/1.1" 206 61678
138.99.216.228 - - [28/Jul/2022:12:49:18 +0530] "-" 400 -
192.241.203.200 - - [28/Jul/2022:13:15:55 +0530] "-" 400 -
192.241.221.168 - - [28/Jul/2022:13:15:56 +0530] "-" 400 -
10.162.107.57 - - [28/Jul/2022:13:21:22 +0530] "POST /ipaympi/mpi.jsp HTTP/1.1" 200 3733
162.158.235.201 - - [28/Jul/2022:13:21:38 +0530] "POST /ipaympi/mpi.jsp HTTP/1.1" 200 3447
162.158.235.35 - - [28/Jul/2022:13:21:39 +0530] "GET /ipaympi/images/ezswype_logo.png HTTP/1.1" 206 1
162.158.235.35 - - [28/Jul/2022:13:21:39 +0530] "GET /ipaympi/images/ezswype_logo.png HTTP/1.1" 206 53486
185.142.236.34 - - [28/Jul/2022:13:49:23 +0530] "GET / HTTP/1.1" 404 685
185.142.236.34 - - [28/Jul/2022:13:49:24 +0530] "-" 400 -
185.142.236.34 - - [28/Jul/2022:13:49:25 +0530] "-" 400 -
185.142.236.34 - - [28/Jul/2022:13:49:25 +0530] "-" 400 -
185.142.236.34 - - [28/Jul/2022:13:49:25 +0530] "-" 400 -
185.142.236.34 - - [28/Jul/2022:13:49:26 +0530] "-" 400 -
185.142.236.34 - - [28/Jul/2022:13:49:26 +0530] "-" 400 -
185.142.236.34 - - [28/Jul/2022:13:49:26 +0530] "-" 400 -
185.142.236.34 - - [28/Jul/2022:13:49:27 +0530] "-" 400 -
185.142.236.34 - - [28/Jul/2022:13:49:27 +0530] "-" 400 -
185.142.236.34 - - [28/Jul/2022:13:49:27 +0530] "-" 400 -
185.142.236.34 - - [28/Jul/2022:13:49:28 +0530] "-" 400 -
185.142.236.34 - - [28/Jul/2022:13:49:28 +0530] "-" 400 -
185.142.236.34 - - [28/Jul/2022:13:49:28 +0530] "-" 400 -
185.142.236.34 - - [28/Jul/2022:13:49:29 +0530] "-" 400 -
65.49.20.78 - - [28/Jul/2022:14:02:01 +0530] "GET / HTTP/1.1" 404 685
10.162.107.57 - - [28/Jul/2022:14:59:05 +0530] "POST /ipaympi/mpi.jsp HTTP/1.1" 200 3725
10.162.107.57 - - [28/Jul/2022:15:13:22 +0530] "POST /ipaympi/mpi.jsp HTTP/1.1" 200 3733
172.70.219.21 - - [28/Jul/2022:15:13:44 +0530] "POST /ipaympi/mpi.jsp HTTP/1.1" 200 28213
172.70.218.176 - - [28/Jul/2022:15:13:44 +0530] "GET /ipaympi/asset/css/bootstrap.min.css HTTP/1.1" 200 193529
172.70.218.32 - - [28/Jul/2022:15:13:44 +0530] "GET /ipaympi/asset/style.css HTTP/1.1" 200 22801
172.70.218.236 - - [28/Jul/2022:15:13:44 +0530] "GET /ipaympi/asset/js/script.js HTTP/1.1" 200 92334
172.70.218.214 - - [28/Jul/2022:15:13:44 +0530] "GET /ipaympi/asset/images/CredoPay_Logo.svg HTTP/1.1" 200 26470
172.70.218.138 - - [28/Jul/2022:15:13:44 +0530] "GET /ipaympi/asset/js/jquery.min.js HTTP/1.1" 200 89501
172.70.219.79 - - [28/Jul/2022:15:13:44 +0530] "GET /ipaympi/asset/js/lottie.min.js HTTP/1.1" 200 304729
172.70.219.25 - - [28/Jul/2022:15:13:44 +0530] "GET /ipaympi/asset/images/cub.png HTTP/1.1" 200 29203
172.70.218.42 - - [28/Jul/2022:15:13:44 +0530] "GET /ipaympi/asset/js/bootstrap.min.js HTTP/1.1" 200 60055
172.70.218.108 - - [28/Jul/2022:15:13:46 +0530] "GET /ipaympi/asset/fonts/ubuntu-v20-latin-500.woff2 HTTP/1.1" 200 30480
172.70.218.238 - - [28/Jul/2022:15:13:46 +0530] "GET /ipaympi/asset/fonts/ubuntu-v20-latin-regular.woff2 HTTP/1.1" 200 34852
138.99.216.228 - - [28/Jul/2022:15:34:40 +0530] "-" 400 -
10.162.107.57 - - [28/Jul/2022:15:50:03 +0530] "POST /ipaympi/mpi.jsp HTTP/1.1" 200 3735
162.158.227.238 - - [28/Jul/2022:15:51:28 +0530] "POST /ipaympi/mpi.jsp HTTP/1.1" 200 28219
162.158.48.104 - - [28/Jul/2022:15:51:28 +0530] "GET /ipaympi/asset/css/bootstrap.min.css HTTP/1.1" 304 -
162.158.227.182 - - [28/Jul/2022:15:51:28 +0530] "GET /ipaympi/asset/js/bootstrap.min.js HTTP/1.1" 304 -
162.158.235.63 - - [28/Jul/2022:15:51:28 +0530] "GET /ipaympi/asset/js/script.js HTTP/1.1" 304 -
162.158.227.230 - - [28/Jul/2022:15:51:28 +0530] "GET /ipaympi/asset/images/cub.png HTTP/1.1" 304 -
162.158.48.130 - - [28/Jul/2022:15:51:28 +0530] "GET /ipaympi/asset/style.css HTTP/1.1" 304 -
162.158.48.120 - - [28/Jul/2022:15:51:28 +0530] "GET /ipaympi/asset/js/jquery.min.js HTTP/1.1" 304 -
162.158.235.41 - - [28/Jul/2022:15:51:28 +0530] "GET /ipaympi/asset/images/CredoPay_Logo.svg HTTP/1.1" 304 -
162.158.235.69 - - [28/Jul/2022:15:51:28 +0530] "GET /ipaympi/asset/js/lottie.min.js HTTP/1.1" 304 -
162.158.235.5 - - [28/Jul/2022:15:51:29 +0530] "GET /ipaympi/asset/fonts/ubuntu-v20-latin-regular.woff2 HTTP/1.1" 304 -
162.158.48.128 - - [28/Jul/2022:15:51:29 +0530] "GET /ipaympi/asset/fonts/ubuntu-v20-latin-500.woff2 HTTP/1.1" 304 -
10.162.107.57 - - [28/Jul/2022:15:54:23 +0530] "POST /ipaympi/mpi.jsp HTTP/1.1" 200 3732
172.70.219.59 - - [28/Jul/2022:15:57:30 +0530] "POST /ipaympi/mpi.jsp HTTP/1.1" 200 28220
10.162.107.57 - - [28/Jul/2022:16:00:17 +0530] "POST /ipaympi/mpi.jsp HTTP/1.1" 200 3726
162.158.227.240 - - [28/Jul/2022:16:00:26 +0530] "POST /ipaympi/mpi.jsp HTTP/1.1" 200 28210
10.162.107.57 - - [28/Jul/2022:16:03:46 +0530] "POST /ipaympi/mpi.jsp HTTP/1.1" 200 3726
162.158.227.242 - - [28/Jul/2022:16:03:57 +0530] "POST /ipaympi/mpi.jsp HTTP/1.1" 200 28210
162.158.48.104 - - [28/Jul/2022:16:03:58 +0530] "GET /ipaympi/asset/css/bootstrap.min.css HTTP/1.1" 200 193529
162.158.227.230 - - [28/Jul/2022:16:03:58 +0530] "GET /ipaympi/asset/images/cub.png HTTP/1.1" 200 29203
162.158.48.120 - - [28/Jul/2022:16:03:58 +0530] "GET /ipaympi/asset/js/jquery.min.js HTTP/1.1" 200 89501
162.158.227.182 - - [28/Jul/2022:16:03:58 +0530] "GET /ipaympi/asset/js/bootstrap.min.js HTTP/1.1" 200 60055
162.158.235.63 - - [28/Jul/2022:16:03:58 +0530] "GET /ipaympi/asset/js/script.js HTTP/1.1" 200 92334
162.158.48.130 - - [28/Jul/2022:16:03:58 +0530] "GET /ipaympi/asset/style.css HTTP/1.1" 200 22801
162.158.235.41 - - [28/Jul/2022:16:03:58 +0530] "GET /ipaympi/asset/images/CredoPay_Logo.svg HTTP/1.1" 200 26470
162.158.235.69 - - [28/Jul/2022:16:03:58 +0530] "GET /ipaympi/asset/js/lottie.min.js HTTP/1.1" 200 304729
162.158.48.128 - - [28/Jul/2022:16:03:58 +0530] "GET /ipaympi/asset/fonts/ubuntu-v20-latin-500.woff2 HTTP/1.1" 200 30480
162.158.235.5 - - [28/Jul/2022:16:03:58 +0530] "GET /ipaympi/asset/fonts/ubuntu-v20-latin-regular.woff2 HTTP/1.1" 200 34852
10.162.107.57 - - [28/Jul/2022:16:14:14 +0530] "POST /ipaympi/mpi.jsp HTTP/1.1" 200 3732
172.70.218.134 - - [28/Jul/2022:16:14:22 +0530] "POST /ipaympi/mpi.jsp HTTP/1.1" 200 28220
172.70.218.176 - - [28/Jul/2022:16:14:23 +0530] "GET /ipaympi/asset/css/bootstrap.min.css HTTP/1.1" 304 -
172.70.218.214 - - [28/Jul/2022:16:14:23 +0530] "GET /ipaympi/asset/images/CredoPay_Logo.svg HTTP/1.1" 304 -
172.70.218.236 - - [28/Jul/2022:16:14:23 +0530] "GET /ipaympi/asset/js/script.js HTTP/1.1" 304 -
172.70.218.32 - - [28/Jul/2022:16:14:23 +0530] "GET /ipaympi/asset/style.css HTTP/1.1" 304 -
172.70.219.25 - - [28/Jul/2022:16:14:23 +0530] "GET /ipaympi/asset/images/cub.png HTTP/1.1" 304 -
172.70.218.138 - - [28/Jul/2022:16:14:23 +0530] "GET /ipaympi/asset/js/jquery.min.js HTTP/1.1" 304 -
172.70.218.42 - - [28/Jul/2022:16:14:23 +0530] "GET /ipaympi/asset/js/bootstrap.min.js HTTP/1.1" 304 -
172.70.219.79 - - [28/Jul/2022:16:14:23 +0530] "GET /ipaympi/asset/js/lottie.min.js HTTP/1.1" 304 -
172.70.218.108 - - [28/Jul/2022:16:14:23 +0530] "GET /ipaympi/asset/fonts/ubuntu-v20-latin-500.woff2 HTTP/1.1" 304 -
172.70.218.238 - - [28/Jul/2022:16:14:23 +0530] "GET /ipaympi/asset/fonts/ubuntu-v20-latin-regular.woff2 HTTP/1.1" 304 -
10.162.107.57 - - [28/Jul/2022:16:16:18 +0530] "POST /ipaympi/mpi.jsp HTTP/1.1" 200 3735
162.158.227.240 - - [28/Jul/2022:16:17:23 +0530] "POST /ipaympi/mpi.jsp HTTP/1.1" 200 28219
10.162.107.57 - - [28/Jul/2022:16:21:01 +0530] "POST /ipaympi/mpi.jsp HTTP/1.1" 200 3724
162.158.227.238 - - [28/Jul/2022:16:21:12 +0530] "POST /ipaympi/mpi.jsp HTTP/1.1" 200 28220
10.162.107.57 - - [28/Jul/2022:16:22:48 +0530] "POST /ipaympi/mpi.jsp HTTP/1.1" 200 3722
162.158.227.238 - - [28/Jul/2022:16:23:16 +0530] "POST /ipaympi/mpi.jsp HTTP/1.1" 200 28229
10.162.107.57 - - [28/Jul/2022:16:25:20 +0530] "POST /ipaympi/mpi.jsp HTTP/1.1" 200 3733
172.70.219.59 - - [28/Jul/2022:16:29:44 +0530] "POST /ipaympi/mpi.jsp HTTP/1.1" 200 28213
172.70.218.42 - - [28/Jul/2022:16:29:44 +0530] "GET /ipaympi/asset/js/bootstrap.min.js HTTP/1.1" 304 -
172.70.219.79 - - [28/Jul/2022:16:29:44 +0530] "GET /ipaympi/asset/js/lottie.min.js HTTP/1.1" 304 -
172.70.219.25 - - [28/Jul/2022:16:29:44 +0530] "GET /ipaympi/asset/images/cub.png HTTP/1.1" 304 -
172.70.218.138 - - [28/Jul/2022:16:29:44 +0530] "GET /ipaympi/asset/js/jquery.min.js HTTP/1.1" 304 -
172.70.218.214 - - [28/Jul/2022:16:29:44 +0530] "GET /ipaympi/asset/images/CredoPay_Logo.svg HTTP/1.1" 304 -
172.70.218.32 - - [28/Jul/2022:16:29:44 +0530] "GET /ipaympi/asset/style.css HTTP/1.1" 304 -
172.70.218.236 - - [28/Jul/2022:16:29:44 +0530] "GET /ipaympi/asset/js/script.js HTTP/1.1" 304 -
172.70.218.176 - - [28/Jul/2022:16:29:44 +0530] "GET /ipaympi/asset/css/bootstrap.min.css HTTP/1.1" 304 -
172.70.218.238 - - [28/Jul/2022:16:29:46 +0530] "GET /ipaympi/asset/fonts/ubuntu-v20-latin-regular.woff2 HTTP/1.1" 304 -
172.70.218.108 - - [28/Jul/2022:16:29:46 +0530] "GET /ipaympi/asset/fonts/ubuntu-v20-latin-500.woff2 HTTP/1.1" 304 -
10.162.107.57 - - [28/Jul/2022:16:31:27 +0530] "POST /ipaympi/mpi.jsp HTTP/1.1" 200 3729
172.70.219.59 - - [28/Jul/2022:16:32:01 +0530] "POST /ipaympi/mpi.jsp HTTP/1.1" 200 28232
10.162.107.57 - - [28/Jul/2022:16:50:17 +0530] "POST /ipaympi/mpi.jsp HTTP/1.1" 200 3726
172.70.218.134 - - [28/Jul/2022:16:50:28 +0530] "POST /ipaympi/mpi.jsp HTTP/1.1" 200 28210
172.70.218.176 - - [28/Jul/2022:16:50:28 +0530] "GET /ipaympi/asset/css/bootstrap.min.css HTTP/1.1" 304 -
172.70.218.32 - - [28/Jul/2022:16:50:28 +0530] "GET /ipaympi/asset/style.css HTTP/1.1" 304 -
172.70.219.25 - - [28/Jul/2022:16:50:28 +0530] "GET /ipaympi/asset/images/cub.png HTTP/1.1" 304 -
172.70.218.214 - - [28/Jul/2022:16:50:28 +0530] "GET /ipaympi/asset/images/CredoPay_Logo.svg HTTP/1.1" 304 -
172.70.218.138 - - [28/Jul/2022:16:50:29 +0530] "GET /ipaympi/asset/js/jquery.min.js HTTP/1.1" 304 -
172.70.219.79 - - [28/Jul/2022:16:50:29 +0530] "GET /ipaympi/asset/js/lottie.min.js HTTP/1.1" 304 -
172.70.218.42 - - [28/Jul/2022:16:50:29 +0530] "GET /ipaympi/asset/js/bootstrap.min.js HTTP/1.1" 304 -
172.70.218.236 - - [28/Jul/2022:16:50:29 +0530] "GET /ipaympi/asset/js/script.js HTTP/1.1" 304 -
172.70.218.238 - - [28/Jul/2022:16:50:29 +0530] "GET /ipaympi/asset/fonts/ubuntu-v20-latin-regular.woff2 HTTP/1.1" 304 -
172.70.218.108 - - [28/Jul/2022:16:50:29 +0530] "GET /ipaympi/asset/fonts/ubuntu-v20-latin-500.woff2 HTTP/1.1" 304 -
167.248.133.47 - - [28/Jul/2022:17:08:50 +0530] "GET /api HTTP/1.1" 404 685
167.248.133.47 - - [28/Jul/2022:17:08:52 +0530] "-" 400 -
167.248.133.47 - - [28/Jul/2022:17:08:54 +0530] "GET / HTTP/1.1" 404 685
167.248.133.47 - - [28/Jul/2022:17:08:54 +0530] "GET / HTTP/1.1" 404 685
10.162.107.57 - - [28/Jul/2022:17:09:38 +0530] "POST /ipaympi/mpi.jsp HTTP/1.1" 200 3722
172.70.219.21 - - [28/Jul/2022:17:09:48 +0530] "POST /ipaympi/mpi.jsp HTTP/1.1" 200 28183
172.70.218.176 - - [28/Jul/2022:17:09:48 +0530] "GET /ipaympi/asset/css/bootstrap.min.css HTTP/1.1" 304 -
172.70.218.32 - - [28/Jul/2022:17:09:48 +0530] "GET /ipaympi/asset/style.css HTTP/1.1" 304 -
172.70.218.138 - - [28/Jul/2022:17:09:48 +0530] "GET /ipaympi/asset/js/jquery.min.js HTTP/1.1" 304 -
172.70.218.42 - - [28/Jul/2022:17:09:48 +0530] "GET /ipaympi/asset/js/bootstrap.min.js HTTP/1.1" 304 -
172.70.218.236 - - [28/Jul/2022:17:09:48 +0530] "GET /ipaympi/asset/js/script.js HTTP/1.1" 304 -
172.70.218.214 - - [28/Jul/2022:17:09:48 +0530] "GET /ipaympi/asset/images/CredoPay_Logo.svg HTTP/1.1" 304 -
172.70.219.25 - - [28/Jul/2022:17:09:48 +0530] "GET /ipaympi/asset/images/cub.png HTTP/1.1" 304 -
172.70.219.79 - - [28/Jul/2022:17:09:48 +0530] "GET /ipaympi/asset/js/lottie.min.js HTTP/1.1" 304 -
172.70.218.108 - - [28/Jul/2022:17:09:49 +0530] "GET /ipaympi/asset/fonts/ubuntu-v20-latin-500.woff2 HTTP/1.1" 304 -
172.70.218.238 - - [28/Jul/2022:17:09:49 +0530] "GET /ipaympi/asset/fonts/ubuntu-v20-latin-regular.woff2 HTTP/1.1" 304 -
216.131.114.79 - - [28/Jul/2022:17:29:44 +0530] "GET /remote/fgt_lang?lang=/../../../..//////////dev/cmdb/sslvpn_websession HTTP/1.1" 404 685
138.99.216.228 - - [28/Jul/2022:18:19:49 +0530] "-" 400 -
10.162.107.57 - - [28/Jul/2022:19:17:47 +0530] "POST /ipaympi/mpi.jsp HTTP/1.1" 200 28041
167.99.125.68 - - [28/Jul/2022:19:55:03 +0530] "-" 400 -
167.99.125.68 - - [28/Jul/2022:19:55:08 +0530] "-" 400 -
167.99.125.68 - - [28/Jul/2022:19:55:09 +0530] "GET /system_api.php HTTP/1.1" 404 685
167.99.125.68 - - [28/Jul/2022:19:55:10 +0530] "-" 400 -
167.99.125.68 - - [28/Jul/2022:19:55:11 +0530] "GET /c/version.js HTTP/1.1" 404 685
167.99.125.68 - - [28/Jul/2022:19:55:12 +0530] "-" 400 -
167.99.125.68 - - [28/Jul/2022:19:55:12 +0530] "GET /streaming/clients_live.php HTTP/1.1" 404 685
167.99.125.68 - - [28/Jul/2022:19:55:13 +0530] "-" 400 -
167.99.125.68 - - [28/Jul/2022:19:55:14 +0530] "GET /stalker_portal/c/version.js HTTP/1.1" 404 685
167.99.125.68 - - [28/Jul/2022:19:55:15 +0530] "-" 400 -
167.99.125.68 - - [28/Jul/2022:19:55:16 +0530] "GET /stream/live.php HTTP/1.1" 404 685
167.99.125.68 - - [28/Jul/2022:19:55:17 +0530] "-" 400 -
167.99.125.68 - - [28/Jul/2022:19:55:18 +0530] "GET /flu/403.html HTTP/1.1" 404 685
167.99.125.68 - - [28/Jul/2022:19:55:19 +0530] "-" 400 -
167.99.125.68 - - [28/Jul/2022:19:55:19 +0530] "GET / HTTP/1.1" 404 685
85.209.42.148 - - [28/Jul/2022:20:11:10 +0530] "GET / HTTP/1.1" 404 651
85.209.42.148 - - [28/Jul/2022:20:11:23 +0530] "GET /favicon.ico HTTP/1.1" 404 685
